// Jest Snapshot v1, https://goo.gl/fbAQLP

exports[`Button snapshot 1`] = `
<View
  accessible={true}
  focusable={false}
  onClick={[Function]}
  onResponderGrant={[Function]}
  onResponderMove={[Function]}
  onResponderRelease={[Function]}
  onResponderTerminate={[Function]}
  onResponderTerminationRequest={[Function]}
  onStartShouldSetResponder={[Function]}
  style={
    Object {
      "alignItems": "center",
      "backgroundColor": "#555CC4",
      "borderRadius": 7,
      "color": "#ffffff",
      "marginLeft": 20,
      "marginRight": 20,
      "marginTop": 16,
      "opacity": 1,
      "padding": 10,
    }
  }
>
  <Text
    style={
      Object {
        "color": "#ffffff",
        "fontFamily": "Ubuntu-Regular",
      }
    }
  />
</View>
`;
